// Jest Snapshot v1, https://goo.gl/fbAQLP

exports[`Table component is rendenring Table component 1`] = `
<div
  className="flex items-center h-screen"
>
  <div
    className=" px-1 min-w-max"
  >
    <table
      className=" border-collapse border-2 border-solid"
      id="table"
    >
      <caption
        className=" text-2xl"
      >
        foo
      </caption>
      <thead>
        <tr>
          <th>
            ID
          </th>
          <th>
            Name
          </th>
          <th>
            UserName
          </th>
          <th>
            Email
          </th>
          <th>
            phone
          </th>
          <th>
            website
          </th>
          <th>
            address(city)
          </th>
          <th>
            address(zipcode)
          </th>
          <th>
            address(street)
          </th>
          <th>
            address(suite)
          </th>
          <th>
            address geo(lat)
          </th>
          <th>
            address geo(lng)
          </th>
          <th>
            company(name)
          </th>
          <th>
            company(catchPhrase)
          </th>
          <th>
            company(bs)
          </th>
        </tr>
      </thead>
      <tbody />
    </table>
  </div>
</div>
`;
